// Jest Snapshot v1, https://goo.gl/fbAQLP

exports[`bin/build will build 1`] = `
"{
  \"ASSETS_PATH\": \"static/\",
  \"ASSETS_PATH_PREFIX\": \"static/\",
  \"BASE\": \".\",
  \"PUBLIC_PATH\": \"/\",
  \"SERVER_PUBLIC_DIR\": \"public/\"
}"
`;
